// Jest Snapshot v1, https://goo.gl/fbAQLP

exports[`Renders Chip List 1`] = `
<View
  style={
    Object {
      "flex": 1,
      "flexDirection": "row",
      "flexWrap": "wrap",
      "justifyContent": "flex-start",
      "marginLeft": 20,
    }
  }
>
  <View
    accessible={true}
    focusable={true}
    onClick={[Function]}
    onResponderGrant={[Function]}
    onResponderMove={[Function]}
    onResponderRelease={[Function]}
    onResponderTerminate={[Function]}
    onResponderTerminationRequest={[Function]}
    onStartShouldSetResponder={[Function]}
    style={
      Object {
        "height": 50,
        "opacity": 1,
      }
    }
  >
    <View
      style={
        Array [
          Object {
            "borderRadius": 20,
            "elevation": 10,
            "flex": 1,
            "flexDirection": "row",
            "margin": 5,
            "padding": 8,
            "paddingRight": 15,
          },
          Object {
            "backgroundColor": "#FD4040",
          },
        ]
      }
    >
      <Image
        source={1}
        style={
          Object {
            "height": 24,
            "marginLeft": 5,
            "width": 24,
          }
        }
      />
      <Text
        style={
          Object {
            "color": "#FFF",
            "marginTop": 2,
            "paddingLeft": 5,
          }
        }
      >
        Chip One
      </Text>
    </View>
  </View>
  <View
    accessible={true}
    focusable={true}
    onClick={[Function]}
    onResponderGrant={[Function]}
    onResponderMove={[Function]}
    onResponderRelease={[Function]}
    onResponderTerminate={[Function]}
    onResponderTerminationRequest={[Function]}
    onStartShouldSetResponder={[Function]}
    style={
      Object {
        "height": 50,
        "opacity": 1,
      }
    }
  >
    <View
      style={
        Array [
          Object {
            "borderRadius": 20,
            "elevation": 10,
            "flex": 1,
            "flexDirection": "row",
            "margin": 5,
            "padding": 8,
            "paddingRight": 15,
          },
          Object {
            "backgroundColor": "#FD4040",
          },
        ]
      }
    >
      <Image
        source={1}
        style={
          Object {
            "height": 24,
            "marginLeft": 5,
            "width": 24,
          }
        }
      />
      <Text
        style={
          Object {
            "color": "#FFF",
            "marginTop": 2,
            "paddingLeft": 5,
          }
        }
      >
        Chip Two
      </Text>
    </View>
  </View>
</View>
`;
